[2026-08-12 02:20:56] Action=listtaskmains OK
[2026-08-12 02:20:57] Action=listtasktemplates OK
[2026-08-12 02:20:58] Action=listtasktemplates OK
[2026-08-12 02:20:58] Action=listbadgestasks OK
[2026-08-12 02:20:59] Action=listtasksubs OK
[2026-08-12 11:46:39] Action=listitemtypes OK
[2026-08-12 11:46:42] Action=status OK
[2026-08-12 11:46:44] Action=listoptions OK
[2026-08-12 11:46:48] Action=listtaskconfig OK
[2026-08-12 11:46:49] Action=listitems OK
[2026-08-12 11:47:07] Action=listpetconfig OK
[2026-08-12 11:47:08] Action=listtaskconfig OK
[2026-08-12 11:47:09] Action=listplayerconfig OK
[2026-08-12 11:47:13] Action=listtaskconfig OK
[2026-08-12 11:47:18] Action=listtaskconfig OK
[2026-08-12 11:47:18] Action=listtaskmains OK
[2026-08-12 11:50:38] Action=listtaskmains OK
[2026-08-12 11:52:44] Action=listtaskmains OK
[2026-08-12 11:52:45] Action=listtasksubs OK
[2026-08-12 11:53:10] Action=listtasktemplates OK
