[2026-08-08 13:19:09] Đã áp dụng mặc định: Không sự kiện, TNSM x1. Các nút sự kiện/x1/x2/x3 sẽ chờ restart hoàn tất rồi mới refresh.
[2026-08-08 13:25:36] Server đang chạy, bỏ qua lệnh khởi chạy.
[2026-08-08 13:25:42] Server đang chạy, bỏ qua lệnh khởi chạy.
[2026-08-08 13:25:43] Server đang chạy, bỏ qua lệnh khởi chạy.
[2026-08-08 13:37:05] Đã dừng tiến trình server PID 26296.
[2026-08-08 13:37:05] Đã dừng tiến trình server PID 27288.
[2026-08-08 13:37:09] Đã khởi chạy server từ 20.jar với PID 25660.
[2026-08-08 14:23:32] Đã dừng tiến trình server PID 25660.
[2026-08-08 14:23:32] Đã dừng tiến trình server PID 3388.
[2026-08-08 14:23:37] Đã khởi chạy server từ 20.jar với PID 14884.
[2026-08-08 14:27:55] Đã dừng tiến trình server PID 14884.
[2026-08-08 14:27:55] Đã dừng tiến trình server PID 21560.
[2026-08-08 14:27:59] Đã khởi chạy server từ 20.jar với PID 28500.
[2026-08-08 14:37:01] Đã dừng tiến trình server PID 28500.
[2026-08-08 14:37:01] Đã dừng tiến trình server PID 26636.
[2026-08-08 14:37:06] Đã khởi chạy server từ 20.jar với PID 25396.
[2026-08-08 14:37:42] Đã dừng tiến trình server PID 25396.
[2026-08-08 14:37:42] Đã dừng tiến trình server PID 24996.
[2026-08-08 14:37:47] Đã khởi chạy server từ 20.jar với PID 23208.
[2026-08-08 14:46:37] Đã dừng tiến trình server PID 23208.
[2026-08-08 14:46:37] Đã dừng tiến trình server PID 27352.
[2026-08-08 14:46:41] Đã khởi chạy server từ 20.jar với PID 12224.
[2026-08-08 14:55:37] Đã dừng tiến trình server PID 12224.
[2026-08-08 14:55:37] Đã dừng tiến trình server PID 26184.
[2026-08-08 14:55:42] Đã khởi chạy server từ 20.jar với PID 5336.
[2026-08-08 15:02:16] Đã dừng tiến trình server PID 5336.
[2026-08-08 15:02:16] Đã dừng tiến trình server PID 16036.
[2026-08-08 15:02:21] Đã khởi chạy server từ 20.jar với PID 12760.
[2026-08-08 15:06:05] Đã dừng tiến trình server PID 12760.
[2026-08-08 15:06:05] Đã dừng tiến trình server PID 24740.
[2026-08-08 15:06:10] Đã khởi chạy server từ 20.jar với PID 17892.
[2026-08-08 15:06:53] Đã dừng tiến trình server PID 17892.
[2026-08-08 15:06:53] Đã dừng tiến trình server PID 28124.
[2026-08-08 15:06:58] Đã khởi chạy server từ 20.jar với PID 24832.
[2026-08-09 00:27:57] Đã dừng tiến trình server PID 24832.
[2026-08-09 00:27:57] Đã dừng tiến trình server PID 25528.
[2026-08-09 00:28:02] Đã khởi chạy server từ 20.jar với PID 16720.
[2026-08-09 22:34:02] Đã khởi chạy server từ 20.jar với PID 25300.
[2026-08-10 09:50:06] Đã khởi chạy server từ 20.jar với PID 25428.
[2026-08-10 11:37:09] Không thể build khi server đang chạy. Hãy dừng server trước rồi build lại.
[2026-08-10 12:37:42] Đã dừng tiến trình server PID 25428.
[2026-08-10 12:37:42] Đã dừng tiến trình server PID 25544.
[2026-08-10 12:37:47] Đã áp dụng 20.jar.pending trước khi khởi động; backup: 20.jar.bak_pending_20260810_123747.
[2026-08-10 12:37:47] Đã khởi chạy server từ 20.jar với PID 11048.
[2026-08-10 12:48:05] Đã dừng tiến trình server PID 11048.
[2026-08-10 12:48:05] Đã dừng tiến trình server PID 9560.
[2026-08-10 12:48:09] Đã khởi chạy server từ 20.jar với PID 19648.
[2026-08-10 16:48:39] Đã dừng tiến trình server PID 19648.
[2026-08-10 16:48:39] Đã dừng tiến trình server PID 23852.
[2026-08-10 16:48:44] Đã áp dụng 20.jar.pending trước khi khởi động; backup: 20.jar.bak_pending_20260810_164844.
[2026-08-10 16:48:44] Đã khởi chạy server từ 20.jar với PID 12956.
[2026-08-10 18:00:53] Đã dừng tiến trình server PID 12956.
[2026-08-10 18:00:53] Đã dừng tiến trình server PID 7220.
[2026-08-10 18:00:57] Đã áp dụng 20.jar.pending trước khi khởi động; backup: 20.jar.bak_pending_20260810_180057.
[2026-08-10 18:00:57] Đã khởi chạy server từ 20.jar với PID 17556.
[2026-08-10 18:02:00] Server đang chạy, bỏ qua lệnh khởi chạy.
[2026-08-10 18:07:57] Đã dừng tiến trình server PID 17556.
[2026-08-10 18:07:57] Đã dừng tiến trình server PID 24616.
[2026-08-10 18:08:02] Đã áp dụng 20.jar.pending trước khi khởi động; backup: 20.jar.bak_pending_20260810_180802.
[2026-08-10 18:08:02] Đã khởi chạy server từ 20.jar với PID 15692.
[2026-08-10 18:08:06] Server đã mở cổng 14445 với PID 19560.
[2026-08-10 18:11:38] Server đang chạy, bỏ qua lệnh khởi chạy.
[2026-08-10 18:36:19] Đã dừng tiến trình server PID 15692.
[2026-08-10 18:36:19] Đã dừng tiến trình server PID 19560.
[2026-08-10 18:36:24] Đã khởi chạy server từ 20.jar với PID 25756.
[2026-08-10 18:36:28] Server đã mở cổng 14445 với PID 26320.
[2026-08-10 18:38:39] Đã dừng tiến trình server PID 25756.
[2026-08-10 18:38:39] Đã dừng tiến trình server PID 26320.
[2026-08-10 18:38:43] Đã khởi chạy server từ 20.jar với PID 23336.
[2026-08-10 18:38:47] Server đã mở cổng 14445 với PID 22648.
[2026-08-10 18:39:21] Server đang chạy, bỏ qua lệnh khởi chạy.
[2026-08-10 18:49:36] Đã dừng tiến trình server PID 23336.
[2026-08-10 18:49:36] Đã dừng tiến trình server PID 22648.
[2026-08-10 18:49:40] Đã khởi chạy server từ 20.jar với PID 23648.
[2026-08-10 18:49:44] Server đã mở cổng 14445 với PID 25636.
[2026-08-10 18:50:29] Đã dừng tiến trình server PID 23648.
[2026-08-10 18:50:29] Đã dừng tiến trình server PID 25636.
[2026-08-10 18:50:33] Đã khởi chạy server từ 20.jar với PID 2672.
[2026-08-10 18:50:36] Server đã mở cổng 14445 với PID 7360.
[2026-08-10 18:53:08] Đã dừng tiến trình server PID 2672.
[2026-08-10 18:53:08] Đã dừng tiến trình server PID 7360.
[2026-08-10 18:53:13] Đã khởi chạy server từ 20.jar với PID 22044.
[2026-08-10 18:53:17] Server đã mở cổng 14445 với PID 25128.
[2026-08-10 18:55:35] Đã dừng tiến trình server PID 22044.
[2026-08-10 18:55:35] Đã dừng tiến trình server PID 25128.
[2026-08-10 18:55:39] Đã khởi chạy server từ 20.jar với PID 6928.
[2026-08-10 18:55:43] Server đã mở cổng 14445 với PID 15168.
[2026-08-10 19:34:18] Đã dừng tiến trình server PID 6928.
[2026-08-10 19:34:18] Đã dừng tiến trình server PID 15168.
[2026-08-10 19:34:23] Đã khởi chạy server từ 20.jar với PID 4880.
[2026-08-10 19:34:27] Server đã mở cổng 14445 với PID 25296.
[2026-08-10 21:20:06] Đã dừng tiến trình server PID 4880.
[2026-08-10 21:20:06] Đã dừng tiến trình server PID 25296.
[2026-08-10 21:20:11] Đã áp dụng 20.jar.pending trước khi khởi động; backup: 20.jar.bak_pending_20260810_212011.
[2026-08-10 21:20:11] Đã khởi chạy server từ 20.jar với PID 1932.
[2026-08-10 21:20:15] Server đã mở cổng 14445 với PID 16000.
[2026-08-10 21:21:23] Đã dừng tiến trình server PID 1932.
[2026-08-10 21:21:23] Đã dừng tiến trình server PID 16000.
[2026-08-10 21:21:27] Đã áp dụng 20.jar.pending trước khi khởi động; backup: 20.jar.bak_pending_20260810_212127.
[2026-08-10 21:21:27] Đã khởi chạy server từ 20.jar với PID 23016.
[2026-08-10 21:21:31] Server đã mở cổng 14445 với PID 17204.
[2026-08-10 21:53:55] Đã dừng tiến trình server PID 23016.
[2026-08-10 21:53:55] Đã dừng tiến trình server PID 17204.
[2026-08-10 21:54:00] Đã áp dụng 20.jar.pending trước khi khởi động; backup: 20.jar.bak_pending_20260810_215400.
[2026-08-10 21:54:00] Đã khởi chạy server từ 20.jar với PID 25348.
[2026-08-10 21:54:05] Server đã mở cổng 14445 với PID 26116.
[2026-08-10 21:56:07] Đã dừng tiến trình server PID 25348.
[2026-08-10 21:56:07] Đã dừng tiến trình server PID 26116.
[2026-08-10 21:56:12] Đã áp dụng 20.jar.pending trước khi khởi động; backup: 20.jar.bak_pending_20260810_215612.
[2026-08-10 21:56:12] Đã khởi chạy server từ 20.jar với PID 24572.
[2026-08-10 21:56:19] Server đã mở cổng 14445 với PID 7504.
[2026-08-10 21:58:00] Đã dừng tiến trình server PID 24572.
[2026-08-10 21:58:00] Đã dừng tiến trình server PID 7504.
[2026-08-10 21:58:05] Đã khởi chạy server từ 20.jar với PID 21548.
[2026-08-10 21:58:09] Server đã mở cổng 14445 với PID 24384.
[2026-08-10 22:03:37] Đã dừng tiến trình server PID 21548.
[2026-08-10 22:03:37] Đã dừng tiến trình server PID 24384.
[2026-08-10 22:03:41] Đã khởi chạy server từ 20.jar với PID 6536.
[2026-08-10 22:03:45] Server đã mở cổng 14445 với PID 23444.
[2026-08-10 22:59:30] Đã dừng tiến trình server PID 6536.
[2026-08-10 22:59:30] Đã dừng tiến trình server PID 23444.
[2026-08-10 22:59:34] Đã áp dụng 20.jar.pending trước khi khởi động; backup: 20.jar.bak_pending_20260810_225934.
[2026-08-10 22:59:34] Đã khởi chạy server từ 20.jar với PID 19404.
[2026-08-10 22:59:38] Server đã mở cổng 14445 với PID 23432.
[2026-08-10 22:59:42] Đã dừng tiến trình server PID 19404.
[2026-08-10 22:59:42] Đã dừng tiến trình server PID 23432.
[2026-08-10 22:59:46] Đã khởi chạy server từ 20.jar với PID 22684.
[2026-08-10 22:59:51] Server đã mở cổng 14445 với PID 3100.
